
   FAIL  Tests\Feature\excel\ExcelExportTest
  Ô¿» only admiÔÇª 1.02s  
  Ô¿» admins caÔÇª 4.85s  
  Ô¿» admins caÔÇª 5.64s  
  Ô¿» admins caÔÇª 4.88s  
  Ô£ô non-adminÔÇª 0.17s  
  ÔöÇÔöÇÔöÇÔöÇÔöÇÔöÇÔöÇÔöÇÔöÇÔöÇÔöÇÔöÇÔöÇÔöÇÔöÇÔöÇÔöÇÔöÇ  
   FAILED  Tests\FÔÇª   
  Expected response status code [403] but received 200.
Failed asserting that 200 is identical to 403.

  at tests\Feature\excel\ExcelExportTest.php:16
     12Ôûò 
     13Ôûò test('only admins can access the export page', function () {
     14Ôûò     $this->actingAs($this->admin)->get(route('data-exporter'))->assertOk();
     15Ôûò 
  Ô×£  16Ôûò     $this->actingAs($this->teacher)->get(route('data-exporter'))->assertForbidden();
     17Ôûò     $this->actingAs($this->parent)->get(route('data-exporter'))->assertForbidden();
     18Ôûò });
     19Ôûò 
     20Ôûò test('admins can download teachers export', function () {

  ÔöÇÔöÇÔöÇÔöÇÔöÇÔöÇÔöÇÔöÇÔöÇÔöÇÔöÇÔöÇÔöÇÔöÇÔöÇÔöÇÔöÇÔöÇ  
   FAILED  Tests\FÔÇª   
  Expected response status code [200] but received 500.
Failed asserting that 500 is identical to 200.

The following exception occurred during the last request:

Error: Call to undefined method App\Http\Controllers\ExportController::authorize() in C:\Users\juanp\Desktop\Apps\sm\app\Http\Controllers\ExportController.php:15
Stack trace:
#0 C:\Users\juanp\Desktop\Apps\sm\vendor\laravel\framework\src\Illuminate\Routing\ControllerDispatcher.php(46): App\Http\Controllers\ExportController->teachers()
#1 C:\Users\juanp\Desktop\Apps\sm\vendor\laravel\framework\src\Illuminate\Routing\Route.php(265): Illuminate\Routing\ControllerDispatcher->dispatch(Object(Illuminate\Routing\Route), Object(App\Http\Controllers\ExportController), 'teachers')
#2 C:\Users\juanp\Desktop\Apps\sm\vendor\laravel\framework\src\Illuminate\Routing\Route.php(211): Illuminate\Routing\Route->runController()
#3 C:\Users\juanp\Desktop\Apps\sm\vendor\laravel\framework\src\Illuminate\Routing\Router.php(822): Illuminate\Routing\Route->run()
#4 C:\Users\juanp\Desktop\Apps\sm\vendor\laravel\framework\src\Illuminate\Pipeline\Pipeline.php(180): Illuminate\Routing\Router->Illuminate\Routing\{closure}(Object(Illuminate\Http\Request))
#5 C:\Users\juanp\Desktop\Apps\sm\vendor\laravel\framework\src\Illuminate\Auth\Middleware\Authorize.php(59): Illuminate\Pipeline\Pipeline->Illuminate\Pipeline\{closure}(Object(Illuminate\Http\Request))
#6 C:\Users\juanp\Desktop\Apps\sm\vendor\laravel\framework\src\Illuminate\Pipeline\Pipeline.php(219): Illuminate\Auth\Middleware\Authorize->handle(Object(Illuminate\Http\Request), Object(Closure), 'admin-only')
#7 C:\Users\juanp\Desktop\Apps\sm\vendor\laravel\framework\src\Illuminate\Auth\Middleware\EnsureEmailIsVerified.php(41): Illuminate\Pipeline\Pipeline->Illuminate\Pipeline\{closure}(Object(Illuminate\Http\Request))
#8 C:\Users\juanp\Desktop\Apps\sm\vendor\laravel\framework\src\Illuminate\Pipeline\Pipeline.php(219): Illuminate\Auth\Middleware\EnsureEmailIsVerified->handle(Object(Illuminate\Http\Request), Object(Closure))
#9 C:\Users\juanp\Desktop\Apps\sm\app\Http\Middleware\CheckUserStatus.php(29): Illuminate\Pipeline\Pipeline->Illuminate\Pipeline\{closure}(Object(Illuminate\Http\Request))
#10 C:\Users\juanp\Desktop\Apps\sm\vendor\laravel\framework\src\Illuminate\Pipeline\Pipeline.php(219): App\Http\Middleware\CheckUserStatus->handle(Object(Illuminate\Http\Request), Object(Closure))
#11 C:\Users\juanp\Desktop\Apps\sm\vendor\laravel\framework\src\Illuminate\Routing\Middleware\SubstituteBindings.php(50): Illuminate\Pipeline\Pipeline->Illuminate\Pipeline\{closure}(Object(Illuminate\Http\Request))
#12 C:\Users\juanp\Desktop\Apps\sm\vendor\laravel\framework\src\Illuminate\Pipeline\Pipeline.php(219): Illuminate\Routing\Middleware\SubstituteBindings->handle(Object(Illuminate\Http\Request), Object(Closure))
#13 C:\Users\juanp\Desktop\Apps\sm\vendor\laravel\framework\src\Illuminate\Auth\Middleware\Authenticate.php(63): Illuminate\Pipeline\Pipeline->Illuminate\Pipeline\{closure}(Object(Illuminate\Http\Request))
#14 C:\Users\juanp\Desktop\Apps\sm\vendor\laravel\framework\src\Illuminate\Pipeline\Pipeline.php(219): Illuminate\Auth\Middleware\Authenticate->handle(Object(Illuminate\Http\Request), Object(Closure))
#15 C:\Users\juanp\Desktop\Apps\sm\vendor\laravel\framework\src\Illuminate\Foundation\Http\Middleware\VerifyCsrfToken.php(87): Illuminate\Pipeline\Pipeline->Illuminate\Pipeline\{closure}(Object(Illuminate\Http\Request))
#16 C:\Users\juanp\Desktop\Apps\sm\vendor\laravel\framework\src\Illuminate\Pipeline\Pipeline.php(219): Illuminate\Foundation\Http\Middleware\VerifyCsrfToken->handle(Object(Illuminate\Http\Request), Object(Closure))
#17 C:\Users\juanp\Desktop\Apps\sm\vendor\laravel\framework\src\Illuminate\View\Middleware\ShareErrorsFromSession.php(48): Illuminate\Pipeline\Pipeline->Illuminate\Pipeline\{closure}(Object(Illuminate\Http\Request))
#18 C:\Users\juanp\Desktop\Apps\sm\vendor\laravel\framework\src\Illuminate\Pipeline\Pipeline.php(219): Illuminate\View\Middleware\ShareErrorsFromSession->handle(Object(Illuminate\Http\Request), Object(Closure))
#19 C:\Users\juanp\Desktop\Apps\sm\vendor\laravel\framework\src\Illuminate\Session\Middleware\StartSession.php(120): Illuminate\Pipeline\Pipeline->Illuminate\Pipeline\{closure}(Object(Illuminate\Http\Request))
#20 C:\Users\juanp\Desktop\Apps\sm\vendor\laravel\framework\src\Illuminate\Session\Middleware\StartSession.php(63): Illuminate\Session\Middleware\StartSession->handleStatefulRequest(Object(Illuminate\Http\Request), Object(Illuminate\Session\Store), Object(Closure))
#21 C:\Users\juanp\Desktop\Apps\sm\vendor\laravel\framework\src\Illuminate\Pipeline\Pipeline.php(219): Illuminate\Session\Middleware\StartSession->handle(Object(Illuminate\Http\Request), Object(Closure))
#22 C:\Users\juanp\Desktop\Apps\sm\vendor\laravel\framework\src\Illuminate\Cookie\Middleware\AddQueuedCookiesToResponse.php(36): Illuminate\Pipeline\Pipeline->Illuminate\Pipeline\{closure}(Object(Illuminate\Http\Request))
#23 C:\Users\juanp\Desktop\Apps\sm\vendor\laravel\framework\src\Illuminate\Pipeline\Pipeline.php(219): Illuminate\Cookie\Middleware\AddQueuedCookiesToResponse->handle(Object(Illuminate\Http\Request), Object(Closure))
#24 C:\Users\juanp\Desktop\Apps\sm\vendor\laravel\framework\src\Illuminate\Cookie\Middleware\EncryptCookies.php(74): Illuminate\Pipeline\Pipeline->Illuminate\Pipeline\{closure}(Object(Illuminate\Http\Request))
#25 C:\Users\juanp\Desktop\Apps\sm\vendor\laravel\framework\src\Illuminate\Pipeline\Pipeline.php(219): Illuminate\Cookie\Middleware\EncryptCookies->handle(Object(Illuminate\Http\Request), Object(Closure))
#26 C:\Users\juanp\Desktop\Apps\sm\vendor\laravel\framework\src\Illuminate\Pipeline\Pipeline.php(137): Illuminate\Pipeline\Pipeline->Illuminate\Pipeline\{closure}(Object(Illuminate\Http\Request))
#27 C:\Users\juanp\Desktop\Apps\sm\vendor\laravel\framework\src\Illuminate\Routing\Router.php(821): Illuminate\Pipeline\Pipeline->then(Object(Closure))
#28 C:\Users\juanp\Desktop\Apps\sm\vendor\laravel\framework\src\Illuminate\Routing\Router.php(800): Illuminate\Routing\Router->runRouteWithinStack(Object(Illuminate\Routing\Route), Object(Illuminate\Http\Request))
#29 C:\Users\juanp\Desktop\Apps\sm\vendor\laravel\framework\src\Illuminate\Routing\Router.php(764): Illuminate\Routing\Router->runRoute(Object(Illuminate\Http\Request), Object(Illuminate\Routing\Route))
#30 C:\Users\juanp\Desktop\Apps\sm\vendor\laravel\framework\src\Illuminate\Routing\Router.php(753): Illuminate\Routing\Router->dispatchToRoute(Object(Illuminate\Http\Request))
#31 C:\Users\juanp\Desktop\Apps\sm\vendor\laravel\framework\src\Illuminate\Foundation\Http\Kernel.php(200): Illuminate\Routing\Router->dispatch(Object(Illuminate\Http\Request))
#32 C:\Users\juanp\Desktop\Apps\sm\vendor\laravel\framework\src\Illuminate\Pipeline\Pipeline.php(180): Illuminate\Foundation\Http\Kernel->Illuminate\Foundation\Http\{closure}(Object(Illuminate\Http\Request))
#33 C:\Users\juanp\Desktop\Apps\sm\vendor\livewire\livewire\src\Features\SupportDisablingBackButtonCache\DisableBackButtonCacheMiddleware.php(19): Illuminate\Pipeline\Pipeline->Illuminate\Pipeline\{closure}(Object(Illuminate\Http\Request))
#34 C:\Users\juanp\Desktop\Apps\sm\vendor\laravel\framework\src\Illuminate\Pipeline\Pipeline.php(219): Livewire\Features\SupportDisablingBackButtonCache\DisableBackButtonCacheMiddleware->handle(Object(Illuminate\Http\Request), Object(Closure))
#35 C:\Users\juanp\Desktop\Apps\sm\vendor\laravel\framework\src\Illuminate\Foundation\Http\Middleware\TransformsRequest.php(21): Illuminate\Pipeline\Pipeline->Illuminate\Pipeline\{closure}(Object(Illuminate\Http\Request))
#36 C:\Users\juanp\Desktop\Apps\sm\vendor\laravel\framework\src\Illuminate\Foundation\Http\Middleware\ConvertEmptyStringsToNull.php(31): Illuminate\Foundation\Http\Middleware\TransformsRequest->handle(Object(Illuminate\Http\Request), Object(Closure))
#37 C:\Users\juanp\Desktop\Apps\sm\vendor\laravel\framework\src\Illuminate\Pipeline\Pipeline.php(219): Illuminate\Foundation\Http\Middleware\ConvertEmptyStringsToNull->handle(Object(Illuminate\Http\Request), Object(Closure))
#38 C:\Users\juanp\Desktop\Apps\sm\vendor\laravel\framework\src\Illuminate\Foundation\Http\Middleware\TransformsRequest.php(21): Illuminate\Pipeline\Pipeline->Illuminate\Pipeline\{closure}(Object(Illuminate\Http\Request))
#39 C:\Users\juanp\Desktop\Apps\sm\vendor\laravel\framework\src\Illuminate\Foundation\Http\Middleware\TrimStrings.php(51): Illuminate\Foundation\Http\Middleware\TransformsRequest->handle(Object(Illuminate\Http\Request), Object(Closure))
#40 C:\Users\juanp\Desktop\Apps\sm\vendor\laravel\framework\src\Illuminate\Pipeline\Pipeline.php(219): Illuminate\Foundation\Http\Middleware\TrimStrings->handle(Object(Illuminate\Http\Request), Object(Closure))
#41 C:\Users\juanp\Desktop\Apps\sm\vendor\laravel\framework\src\Illuminate\Http\Middleware\ValidatePostSize.php(27): Illuminate\Pipeline\Pipeline->Illuminate\Pipeline\{closure}(Object(Illuminate\Http\Request))
#42 C:\Users\juanp\Desktop\Apps\sm\vendor\laravel\framework\src\Illuminate\Pipeline\Pipeline.php(219): Illuminate\Http\Middleware\ValidatePostSize->handle(Object(Illuminate\Http\Request), Object(Closure))
#43 C:\Users\juanp\Desktop\Apps\sm\vendor\laravel\framework\src\Illuminate\Foundation\Http\Middleware\PreventRequestsDuringMaintenance.php(109): Illuminate\Pipeline\Pipeline->Illuminate\Pipeline\{closure}(Object(Illuminate\Http\Request))
#44 C:\Users\juanp\Desktop\Apps\sm\vendor\laravel\framework\src\Illuminate\Pipeline\Pipeline.php(219): Illuminate\Foundation\Http\Middleware\PreventRequestsDuringMaintenance->handle(Object(Illuminate\Http\Request), Object(Closure))
#45 C:\Users\juanp\Desktop\Apps\sm\vendor\laravel\framework\src\Illuminate\Http\Middleware\HandleCors.php(61): Illuminate\Pipeline\Pipeline->Illuminate\Pipeline\{closure}(Object(Illuminate\Http\Request))
#46 C:\Users\juanp\Desktop\Apps\sm\vendor\laravel\framework\src\Illuminate\Pipeline\Pipeline.php(219): Illuminate\Http\Middleware\HandleCors->handle(Object(Illuminate\Http\Request), Object(Closure))
#47 C:\Users\juanp\Desktop\Apps\sm\vendor\laravel\framework\src\Illuminate\Http\Middleware\TrustProxies.php(58): Illuminate\Pipeline\Pipeline->Illuminate\Pipeline\{closure}(Object(Illuminate\Http\Request))
#48 C:\Users\juanp\Desktop\Apps\sm\vendor\laravel\framework\src\Illuminate\Pipeline\Pipeline.php(219): Illuminate\Http\Middleware\TrustProxies->handle(Object(Illuminate\Http\Request), Object(Closure))
#49 C:\Users\juanp\Desktop\Apps\sm\vendor\laravel\framework\src\Illuminate\Foundation\Http\Middleware\InvokeDeferredCallbacks.php(22): Illuminate\Pipeline\Pipeline->Illuminate\Pipeline\{closure}(Object(Illuminate\Http\Request))
#50 C:\Users\juanp\Desktop\Apps\sm\vendor\laravel\framework\src\Illuminate\Pipeline\Pipeline.php(219): Illuminate\Foundation\Http\Middleware\InvokeDeferredCallbacks->handle(Object(Illuminate\Http\Request), Object(Closure))
#51 C:\Users\juanp\Desktop\Apps\sm\vendor\laravel\framework\src\Illuminate\Http\Middleware\ValidatePathEncoding.php(26): Illuminate\Pipeline\Pipeline->Illuminate\Pipeline\{closure}(Object(Illuminate\Http\Request))
#52 C:\Users\juanp\Desktop\Apps\sm\vendor\laravel\framework\src\Illuminate\Pipeline\Pipeline.php(219): Illuminate\Http\Middleware\ValidatePathEncoding->handle(Object(Illuminate\Http\Request), Object(Closure))
#53 C:\Users\juanp\Desktop\Apps\sm\vendor\laravel\framework\src\Illuminate\Pipeline\Pipeline.php(137): Illuminate\Pipeline\Pipeline->Illuminate\Pipeline\{closure}(Object(Illuminate\Http\Request))
#54 C:\Users\juanp\Desktop\Apps\sm\vendor\laravel\framework\src\Illuminate\Foundation\Http\Kernel.php(175): Illuminate\Pipeline\Pipeline->then(Object(Closure))
#55 C:\Users\juanp\Desktop\Apps\sm\vendor\laravel\framework\src\Illuminate\Foundation\Http\Kernel.php(144): Illuminate\Foundation\Http\Kernel->sendRequestThroughRouter(Object(Illuminate\Http\Request))
#56 C:\Users\juanp\Desktop\Apps\sm\vendor\laravel\framework\src\Illuminate\Foundation\Testing\Concerns\MakesHttpRequests.php(607): Illuminate\Foundation\Http\Kernel->handle(Object(Illuminate\Http\Request))
#57 C:\Users\juanp\Desktop\Apps\sm\vendor\laravel\framework\src\Illuminate\Foundation\Testing\Concerns\MakesHttpRequests.php(368): Illuminate\Foundation\Testing\TestCase->call('GET', 'http://localhos...', Array, Array, Array, Array)
#58 C:\Users\juanp\Desktop\Apps\sm\tests\Feature\excel\ExcelExportTest.php(21): Illuminate\Foundation\Testing\TestCase->get('http://localhos...')
#59 C:\Users\juanp\Desktop\Apps\sm\vendor\pestphp\pest\src\Factories\TestCaseMethodFactory.php(168): P\Tests\Feature\excel\ExcelExportTest->{closure}()
#60 [internal function]: P\Tests\Feature\excel\ExcelExportTest->Pest\Factories\{closure}()
#61 C:\Users\juanp\Desktop\Apps\sm\vendor\pestphp\pest\src\Concerns\Testable.php(419): call_user_func_array(Object(Closure), Array)
#62 C:\Users\juanp\Desktop\Apps\sm\vendor\pestphp\pest\src\Support\ExceptionTrace.php(26): P\Tests\Feature\excel\ExcelExportTest->Pest\Concerns\{closure}()
#63 C:\Users\juanp\Desktop\Apps\sm\vendor\pestphp\pest\src\Concerns\Testable.php(419): Pest\Support\ExceptionTrace::ensure(Object(Closure))
#64 C:\Users\juanp\Desktop\Apps\sm\vendor\pestphp\pest\src\Concerns\Testable.php(321): P\Tests\Feature\excel\ExcelExportTest->__callClosure(Object(Closure), Array)
#65 C:\Users\juanp\Desktop\Apps\sm\vendor\pestphp\pest\src\Factories\TestCaseFactory.php(169) : eval()'d code(26): P\Tests\Feature\excel\ExcelExportTest->__runTest(Object(Closure))
#66 C:\Users\juanp\Desktop\Apps\sm\vendor\phpunit\phpunit\src\Framework\TestCase.php(1667): P\Tests\Feature\excel\ExcelExportTest->__pest_evaluable_admins_can_download_teachers_export()
#67 C:\Users\juanp\Desktop\Apps\sm\vendor\phpunit\phpunit\src\Framework\TestCase.php(519): PHPUnit\Framework\TestCase->runTest()
#68 C:\Users\juanp\Desktop\Apps\sm\vendor\phpunit\phpunit\src\Framework\TestRunner\TestRunner.php(87): PHPUnit\Framework\TestCase->runBare()
#69 C:\Users\juanp\Desktop\Apps\sm\vendor\phpunit\phpunit\src\Framework\TestCase.php(365): PHPUnit\Framework\TestRunner->run(Object(P\Tests\Feature\excel\ExcelExportTest))
#70 C:\Users\juanp\Desktop\Apps\sm\vendor\phpunit\phpunit\src\Framework\TestSuite.php(369): PHPUnit\Framework\TestCase->run()
#71 C:\Users\juanp\Desktop\Apps\sm\vendor\phpunit\phpunit\src\TextUI\TestRunner.php(64): PHPUnit\Framework\TestSuite->run()
#72 C:\Users\juanp\Desktop\Apps\sm\vendor\phpunit\phpunit\src\TextUI\Application.php(211): PHPUnit\TextUI\TestRunner->run(Object(PHPUnit\TextUI\Configuration\Configuration), Object(PHPUnit\Runner\ResultCache\DefaultResultCache), Object(PHPUnit\Framework\TestSuite))
#73 C:\Users\juanp\Desktop\Apps\sm\vendor\pestphp\pest\src\Kernel.php(103): PHPUnit\TextUI\Application->run(Array)
#74 C:\Users\juanp\Desktop\Apps\sm\vendor\pestphp\pest\bin\pest(184): Pest\Kernel->handle(Array, Array)
#75 C:\Users\juanp\Desktop\Apps\sm\vendor\pestphp\pest\bin\pest(192): {closure}()
#76 {main}

----------------------------------------------------------------------------------

Call to undefined method App\Http\Controllers\ExportController::authorize()

  at tests\Feature\excel\ExcelExportTest.php:23
     19Ôûò 
     20Ôûò test('admins can download teachers export', function () {
     21Ôûò     $response = $this->actingAs($this->admin)->get(route('export.teachers'));
     22Ôûò 
  Ô×£  23Ôûò     $response->assertOk();
     24Ôûò     $response->assertHeader('content-type', 'application/vnd.openxmlformats-officedocument.spreadsheetml.sheet');
     25Ôûò     $response->assertHeader('content-disposition', 'attachment; filename=maestros_'.now()->format('Y-m-d').'.xlsx');
     26Ôûò });
     27Ôûò

  ÔöÇÔöÇÔöÇÔöÇÔöÇÔöÇÔöÇÔöÇÔöÇÔöÇÔöÇÔöÇÔöÇÔöÇÔöÇÔöÇÔöÇÔöÇ  
   FAILED  Tests\FÔÇª   
  Expected response status code [200] but received 500.
Failed asserting that 500 is identical to 200.

The following exception occurred during the last request:

Error: Call to undefined method App\Http\Controllers\ExportController::authorize() in C:\Users\juanp\Desktop\Apps\sm\app\Http\Controllers\ExportController.php:22
Stack trace:
#0 C:\Users\juanp\Desktop\Apps\sm\vendor\laravel\framework\src\Illuminate\Routing\ControllerDispatcher.php(46): App\Http\Controllers\ExportController->parents()
#1 C:\Users\juanp\Desktop\Apps\sm\vendor\laravel\framework\src\Illuminate\Routing\Route.php(265): Illuminate\Routing\ControllerDispatcher->dispatch(Object(Illuminate\Routing\Route), Object(App\Http\Controllers\ExportController), 'parents')
#2 C:\Users\juanp\Desktop\Apps\sm\vendor\laravel\framework\src\Illuminate\Routing\Route.php(211): Illuminate\Routing\Route->runController()
#3 C:\Users\juanp\Desktop\Apps\sm\vendor\laravel\framework\src\Illuminate\Routing\Router.php(822): Illuminate\Routing\Route->run()
#4 C:\Users\juanp\Desktop\Apps\sm\vendor\laravel\framework\src\Illuminate\Pipeline\Pipeline.php(180): Illuminate\Routing\Router->Illuminate\Routing\{closure}(Object(Illuminate\Http\Request))
#5 C:\Users\juanp\Desktop\Apps\sm\vendor\laravel\framework\src\Illuminate\Auth\Middleware\Authorize.php(59): Illuminate\Pipeline\Pipeline->Illuminate\Pipeline\{closure}(Object(Illuminate\Http\Request))
#6 C:\Users\juanp\Desktop\Apps\sm\vendor\laravel\framework\src\Illuminate\Pipeline\Pipeline.php(219): Illuminate\Auth\Middleware\Authorize->handle(Object(Illuminate\Http\Request), Object(Closure), 'admin-only')
#7 C:\Users\juanp\Desktop\Apps\sm\vendor\laravel\framework\src\Illuminate\Auth\Middleware\EnsureEmailIsVerified.php(41): Illuminate\Pipeline\Pipeline->Illuminate\Pipeline\{closure}(Object(Illuminate\Http\Request))
#8 C:\Users\juanp\Desktop\Apps\sm\vendor\laravel\framework\src\Illuminate\Pipeline\Pipeline.php(219): Illuminate\Auth\Middleware\EnsureEmailIsVerified->handle(Object(Illuminate\Http\Request), Object(Closure))
#9 C:\Users\juanp\Desktop\Apps\sm\app\Http\Middleware\CheckUserStatus.php(29): Illuminate\Pipeline\Pipeline->Illuminate\Pipeline\{closure}(Object(Illuminate\Http\Request))
#10 C:\Users\juanp\Desktop\Apps\sm\vendor\laravel\framework\src\Illuminate\Pipeline\Pipeline.php(219): App\Http\Middleware\CheckUserStatus->handle(Object(Illuminate\Http\Request), Object(Closure))
#11 C:\Users\juanp\Desktop\Apps\sm\vendor\laravel\framework\src\Illuminate\Routing\Middleware\SubstituteBindings.php(50): Illuminate\Pipeline\Pipeline->Illuminate\Pipeline\{closure}(Object(Illuminate\Http\Request))
#12 C:\Users\juanp\Desktop\Apps\sm\vendor\laravel\framework\src\Illuminate\Pipeline\Pipeline.php(219): Illuminate\Routing\Middleware\SubstituteBindings->handle(Object(Illuminate\Http\Request), Object(Closure))
#13 C:\Users\juanp\Desktop\Apps\sm\vendor\laravel\framework\src\Illuminate\Auth\Middleware\Authenticate.php(63): Illuminate\Pipeline\Pipeline->Illuminate\Pipeline\{closure}(Object(Illuminate\Http\Request))
#14 C:\Users\juanp\Desktop\Apps\sm\vendor\laravel\framework\src\Illuminate\Pipeline\Pipeline.php(219): Illuminate\Auth\Middleware\Authenticate->handle(Object(Illuminate\Http\Request), Object(Closure))
#15 C:\Users\juanp\Desktop\Apps\sm\vendor\laravel\framework\src\Illuminate\Foundation\Http\Middleware\VerifyCsrfToken.php(87): Illuminate\Pipeline\Pipeline->Illuminate\Pipeline\{closure}(Object(Illuminate\Http\Request))
#16 C:\Users\juanp\Desktop\Apps\sm\vendor\laravel\framework\src\Illuminate\Pipeline\Pipeline.php(219): Illuminate\Foundation\Http\Middleware\VerifyCsrfToken->handle(Object(Illuminate\Http\Request), Object(Closure))
#17 C:\Users\juanp\Desktop\Apps\sm\vendor\laravel\framework\src\Illuminate\View\Middleware\ShareErrorsFromSession.php(48): Illuminate\Pipeline\Pipeline->Illuminate\Pipeline\{closure}(Object(Illuminate\Http\Request))
#18 C:\Users\juanp\Desktop\Apps\sm\vendor\laravel\framework\src\Illuminate\Pipeline\Pipeline.php(219): Illuminate\View\Middleware\ShareErrorsFromSession->handle(Object(Illuminate\Http\Request), Object(Closure))
#19 C:\Users\juanp\Desktop\Apps\sm\vendor\laravel\framework\src\Illuminate\Session\Middleware\StartSession.php(120): Illuminate\Pipeline\Pipeline->Illuminate\Pipeline\{closure}(Object(Illuminate\Http\Request))
#20 C:\Users\juanp\Desktop\Apps\sm\vendor\laravel\framework\src\Illuminate\Session\Middleware\StartSession.php(63): Illuminate\Session\Middleware\StartSession->handleStatefulRequest(Object(Illuminate\Http\Request), Object(Illuminate\Session\Store), Object(Closure))
#21 C:\Users\juanp\Desktop\Apps\sm\vendor\laravel\framework\src\Illuminate\Pipeline\Pipeline.php(219): Illuminate\Session\Middleware\StartSession->handle(Object(Illuminate\Http\Request), Object(Closure))
#22 C:\Users\juanp\Desktop\Apps\sm\vendor\laravel\framework\src\Illuminate\Cookie\Middleware\AddQueuedCookiesToResponse.php(36): Illuminate\Pipeline\Pipeline->Illuminate\Pipeline\{closure}(Object(Illuminate\Http\Request))
#23 C:\Users\juanp\Desktop\Apps\sm\vendor\laravel\framework\src\Illuminate\Pipeline\Pipeline.php(219): Illuminate\Cookie\Middleware\AddQueuedCookiesToResponse->handle(Object(Illuminate\Http\Request), Object(Closure))
#24 C:\Users\juanp\Desktop\Apps\sm\vendor\laravel\framework\src\Illuminate\Cookie\Middleware\EncryptCookies.php(74): Illuminate\Pipeline\Pipeline->Illuminate\Pipeline\{closure}(Object(Illuminate\Http\Request))
#25 C:\Users\juanp\Desktop\Apps\sm\vendor\laravel\framework\src\Illuminate\Pipeline\Pipeline.php(219): Illuminate\Cookie\Middleware\EncryptCookies->handle(Object(Illuminate\Http\Request), Object(Closure))
#26 C:\Users\juanp\Desktop\Apps\sm\vendor\laravel\framework\src\Illuminate\Pipeline\Pipeline.php(137): Illuminate\Pipeline\Pipeline->Illuminate\Pipeline\{closure}(Object(Illuminate\Http\Request))
#27 C:\Users\juanp\Desktop\Apps\sm\vendor\laravel\framework\src\Illuminate\Routing\Router.php(821): Illuminate\Pipeline\Pipeline->then(Object(Closure))
#28 C:\Users\juanp\Desktop\Apps\sm\vendor\laravel\framework\src\Illuminate\Routing\Router.php(800): Illuminate\Routing\Router->runRouteWithinStack(Object(Illuminate\Routing\Route), Object(Illuminate\Http\Request))
#29 C:\Users\juanp\Desktop\Apps\sm\vendor\laravel\framework\src\Illuminate\Routing\Router.php(764): Illuminate\Routing\Router->runRoute(Object(Illuminate\Http\Request), Object(Illuminate\Routing\Route))
#30 C:\Users\juanp\Desktop\Apps\sm\vendor\laravel\framework\src\Illuminate\Routing\Router.php(753): Illuminate\Routing\Router->dispatchToRoute(Object(Illuminate\Http\Request))
#31 C:\Users\juanp\Desktop\Apps\sm\vendor\laravel\framework\src\Illuminate\Foundation\Http\Kernel.php(200): Illuminate\Routing\Router->dispatch(Object(Illuminate\Http\Request))
#32 C:\Users\juanp\Desktop\Apps\sm\vendor\laravel\framework\src\Illuminate\Pipeline\Pipeline.php(180): Illuminate\Foundation\Http\Kernel->Illuminate\Foundation\Http\{closure}(Object(Illuminate\Http\Request))
#33 C:\Users\juanp\Desktop\Apps\sm\vendor\livewire\livewire\src\Features\SupportDisablingBackButtonCache\DisableBackButtonCacheMiddleware.php(19): Illuminate\Pipeline\Pipeline->Illuminate\Pipeline\{closure}(Object(Illuminate\Http\Request))
#34 C:\Users\juanp\Desktop\Apps\sm\vendor\laravel\framework\src\Illuminate\Pipeline\Pipeline.php(219): Livewire\Features\SupportDisablingBackButtonCache\DisableBackButtonCacheMiddleware->handle(Object(Illuminate\Http\Request), Object(Closure))
#35 C:\Users\juanp\Desktop\Apps\sm\vendor\laravel\framework\src\Illuminate\Foundation\Http\Middleware\TransformsRequest.php(21): Illuminate\Pipeline\Pipeline->Illuminate\Pipeline\{closure}(Object(Illuminate\Http\Request))
#36 C:\Users\juanp\Desktop\Apps\sm\vendor\laravel\framework\src\Illuminate\Foundation\Http\Middleware\ConvertEmptyStringsToNull.php(31): Illuminate\Foundation\Http\Middleware\TransformsRequest->handle(Object(Illuminate\Http\Request), Object(Closure))
#37 C:\Users\juanp\Desktop\Apps\sm\vendor\laravel\framework\src\Illuminate\Pipeline\Pipeline.php(219): Illuminate\Foundation\Http\Middleware\ConvertEmptyStringsToNull->handle(Object(Illuminate\Http\Request), Object(Closure))
#38 C:\Users\juanp\Desktop\Apps\sm\vendor\laravel\framework\src\Illuminate\Foundation\Http\Middleware\TransformsRequest.php(21): Illuminate\Pipeline\Pipeline->Illuminate\Pipeline\{closure}(Object(Illuminate\Http\Request))
#39 C:\Users\juanp\Desktop\Apps\sm\vendor\laravel\framework\src\Illuminate\Foundation\Http\Middleware\TrimStrings.php(51): Illuminate\Foundation\Http\Middleware\TransformsRequest->handle(Object(Illuminate\Http\Request), Object(Closure))
#40 C:\Users\juanp\Desktop\Apps\sm\vendor\laravel\framework\src\Illuminate\Pipeline\Pipeline.php(219): Illuminate\Foundation\Http\Middleware\TrimStrings->handle(Object(Illuminate\Http\Request), Object(Closure))
#41 C:\Users\juanp\Desktop\Apps\sm\vendor\laravel\framework\src\Illuminate\Http\Middleware\ValidatePostSize.php(27): Illuminate\Pipeline\Pipeline->Illuminate\Pipeline\{closure}(Object(Illuminate\Http\Request))
#42 C:\Users\juanp\Desktop\Apps\sm\vendor\laravel\framework\src\Illuminate\Pipeline\Pipeline.php(219): Illuminate\Http\Middleware\ValidatePostSize->handle(Object(Illuminate\Http\Request), Object(Closure))
#43 C:\Users\juanp\Desktop\Apps\sm\vendor\laravel\framework\src\Illuminate\Foundation\Http\Middleware\PreventRequestsDuringMaintenance.php(109): Illuminate\Pipeline\Pipeline->Illuminate\Pipeline\{closure}(Object(Illuminate\Http\Request))
#44 C:\Users\juanp\Desktop\Apps\sm\vendor\laravel\framework\src\Illuminate\Pipeline\Pipeline.php(219): Illuminate\Foundation\Http\Middleware\PreventRequestsDuringMaintenance->handle(Object(Illuminate\Http\Request), Object(Closure))
#45 C:\Users\juanp\Desktop\Apps\sm\vendor\laravel\framework\src\Illuminate\Http\Middleware\HandleCors.php(61): Illuminate\Pipeline\Pipeline->Illuminate\Pipeline\{closure}(Object(Illuminate\Http\Request))
#46 C:\Users\juanp\Desktop\Apps\sm\vendor\laravel\framework\src\Illuminate\Pipeline\Pipeline.php(219): Illuminate\Http\Middleware\HandleCors->handle(Object(Illuminate\Http\Request), Object(Closure))
#47 C:\Users\juanp\Desktop\Apps\sm\vendor\laravel\framework\src\Illuminate\Http\Middleware\TrustProxies.php(58): Illuminate\Pipeline\Pipeline->Illuminate\Pipeline\{closure}(Object(Illuminate\Http\Request))
#48 C:\Users\juanp\Desktop\Apps\sm\vendor\laravel\framework\src\Illuminate\Pipeline\Pipeline.php(219): Illuminate\Http\Middleware\TrustProxies->handle(Object(Illuminate\Http\Request), Object(Closure))
#49 C:\Users\juanp\Desktop\Apps\sm\vendor\laravel\framework\src\Illuminate\Foundation\Http\Middleware\InvokeDeferredCallbacks.php(22): Illuminate\Pipeline\Pipeline->Illuminate\Pipeline\{closure}(Object(Illuminate\Http\Request))
#50 C:\Users\juanp\Desktop\Apps\sm\vendor\laravel\framework\src\Illuminate\Pipeline\Pipeline.php(219): Illuminate\Foundation\Http\Middleware\InvokeDeferredCallbacks->handle(Object(Illuminate\Http\Request), Object(Closure))
#51 C:\Users\juanp\Desktop\Apps\sm\vendor\laravel\framework\src\Illuminate\Http\Middleware\ValidatePathEncoding.php(26): Illuminate\Pipeline\Pipeline->Illuminate\Pipeline\{closure}(Object(Illuminate\Http\Request))
#52 C:\Users\juanp\Desktop\Apps\sm\vendor\laravel\framework\src\Illuminate\Pipeline\Pipeline.php(219): Illuminate\Http\Middleware\ValidatePathEncoding->handle(Object(Illuminate\Http\Request), Object(Closure))
#53 C:\Users\juanp\Desktop\Apps\sm\vendor\laravel\framework\src\Illuminate\Pipeline\Pipeline.php(137): Illuminate\Pipeline\Pipeline->Illuminate\Pipeline\{closure}(Object(Illuminate\Http\Request))
#54 C:\Users\juanp\Desktop\Apps\sm\vendor\laravel\framework\src\Illuminate\Foundation\Http\Kernel.php(175): Illuminate\Pipeline\Pipeline->then(Object(Closure))
#55 C:\Users\juanp\Desktop\Apps\sm\vendor\laravel\framework\src\Illuminate\Foundation\Http\Kernel.php(144): Illuminate\Foundation\Http\Kernel->sendRequestThroughRouter(Object(Illuminate\Http\Request))
#56 C:\Users\juanp\Desktop\Apps\sm\vendor\laravel\framework\src\Illuminate\Foundation\Testing\Concerns\MakesHttpRequests.php(607): Illuminate\Foundation\Http\Kernel->handle(Object(Illuminate\Http\Request))
#57 C:\Users\juanp\Desktop\Apps\sm\vendor\laravel\framework\src\Illuminate\Foundation\Testing\Concerns\MakesHttpRequests.php(368): Illuminate\Foundation\Testing\TestCase->call('GET', 'http://localhos...', Array, Array, Array, Array)
#58 C:\Users\juanp\Desktop\Apps\sm\tests\Feature\excel\ExcelExportTest.php(29): Illuminate\Foundation\Testing\TestCase->get('http://localhos...')
#59 C:\Users\juanp\Desktop\Apps\sm\vendor\pestphp\pest\src\Factories\TestCaseMethodFactory.php(168): P\Tests\Feature\excel\ExcelExportTest->{closure}()
#60 [internal function]: P\Tests\Feature\excel\ExcelExportTest->Pest\Factories\{closure}()
#61 C:\Users\juanp\Desktop\Apps\sm\vendor\pestphp\pest\src\Concerns\Testable.php(419): call_user_func_array(Object(Closure), Array)
#62 C:\Users\juanp\Desktop\Apps\sm\vendor\pestphp\pest\src\Support\ExceptionTrace.php(26): P\Tests\Feature\excel\ExcelExportTest->Pest\Concerns\{closure}()
#63 C:\Users\juanp\Desktop\Apps\sm\vendor\pestphp\pest\src\Concerns\Testable.php(419): Pest\Support\ExceptionTrace::ensure(Object(Closure))
#64 C:\Users\juanp\Desktop\Apps\sm\vendor\pestphp\pest\src\Concerns\Testable.php(321): P\Tests\Feature\excel\ExcelExportTest->__callClosure(Object(Closure), Array)
#65 C:\Users\juanp\Desktop\Apps\sm\vendor\pestphp\pest\src\Factories\TestCaseFactory.php(169) : eval()'d code(35): P\Tests\Feature\excel\ExcelExportTest->__runTest(Object(Closure))
#66 C:\Users\juanp\Desktop\Apps\sm\vendor\phpunit\phpunit\src\Framework\TestCase.php(1667): P\Tests\Feature\excel\ExcelExportTest->__pest_evaluable_admins_can_download_parents_export()
#67 C:\Users\juanp\Desktop\Apps\sm\vendor\phpunit\phpunit\src\Framework\TestCase.php(519): PHPUnit\Framework\TestCase->runTest()
#68 C:\Users\juanp\Desktop\Apps\sm\vendor\phpunit\phpunit\src\Framework\TestRunner\TestRunner.php(87): PHPUnit\Framework\TestCase->runBare()
#69 C:\Users\juanp\Desktop\Apps\sm\vendor\phpunit\phpunit\src\Framework\TestCase.php(365): PHPUnit\Framework\TestRunner->run(Object(P\Tests\Feature\excel\ExcelExportTest))
#70 C:\Users\juanp\Desktop\Apps\sm\vendor\phpunit\phpunit\src\Framework\TestSuite.php(369): PHPUnit\Framework\TestCase->run()
#71 C:\Users\juanp\Desktop\Apps\sm\vendor\phpunit\phpunit\src\TextUI\TestRunner.php(64): PHPUnit\Framework\TestSuite->run()
#72 C:\Users\juanp\Desktop\Apps\sm\vendor\phpunit\phpunit\src\TextUI\Application.php(211): PHPUnit\TextUI\TestRunner->run(Object(PHPUnit\TextUI\Configuration\Configuration), Object(PHPUnit\Runner\ResultCache\DefaultResultCache), Object(PHPUnit\Framework\TestSuite))
#73 C:\Users\juanp\Desktop\Apps\sm\vendor\pestphp\pest\src\Kernel.php(103): PHPUnit\TextUI\Application->run(Array)
#74 C:\Users\juanp\Desktop\Apps\sm\vendor\pestphp\pest\bin\pest(184): Pest\Kernel->handle(Array, Array)
#75 C:\Users\juanp\Desktop\Apps\sm\vendor\pestphp\pest\bin\pest(192): {closure}()
#76 {main}

----------------------------------------------------------------------------------

Call to undefined method App\Http\Controllers\ExportController::authorize()

  at tests\Feature\excel\ExcelExportTest.php:31
     27Ôûò 
     28Ôûò test('admins can download parents export', function () {
     29Ôûò     $response = $this->actingAs($this->admin)->get(route('export.parents'));
     30Ôûò 
  Ô×£  31Ôûò     $response->assertOk();
     32Ôûò     $response->assertHeader('content-type', 'application/vnd.openxmlformats-officedocument.spreadsheetml.sheet');
     33Ôûò     $response->assertHeader('content-disposition', 'attachment; filename=padres_'.now()->format('Y-m-d').'.xlsx');
     34Ôûò });
     35Ôûò

  ÔöÇÔöÇÔöÇÔöÇÔöÇÔöÇÔöÇÔöÇÔöÇÔöÇÔöÇÔöÇÔöÇÔöÇÔöÇÔöÇÔöÇÔöÇ  
   FAILED  Tests\FÔÇª   
  Expected response status code [200] but received 500.
Failed asserting that 500 is identical to 200.

The following exception occurred during the last request:

Error: Call to undefined method App\Http\Controllers\ExportController::authorize() in C:\Users\juanp\Desktop\Apps\sm\app\Http\Controllers\ExportController.php:29
Stack trace:
#0 C:\Users\juanp\Desktop\Apps\sm\vendor\laravel\framework\src\Illuminate\Routing\ControllerDispatcher.php(46): App\Http\Controllers\ExportController->students(Object(Illuminate\Http\Request))
#1 C:\Users\juanp\Desktop\Apps\sm\vendor\laravel\framework\src\Illuminate\Routing\Route.php(265): Illuminate\Routing\ControllerDispatcher->dispatch(Object(Illuminate\Routing\Route), Object(App\Http\Controllers\ExportController), 'students')
#2 C:\Users\juanp\Desktop\Apps\sm\vendor\laravel\framework\src\Illuminate\Routing\Route.php(211): Illuminate\Routing\Route->runController()
#3 C:\Users\juanp\Desktop\Apps\sm\vendor\laravel\framework\src\Illuminate\Routing\Router.php(822): Illuminate\Routing\Route->run()
#4 C:\Users\juanp\Desktop\Apps\sm\vendor\laravel\framework\src\Illuminate\Pipeline\Pipeline.php(180): Illuminate\Routing\Router->Illuminate\Routing\{closure}(Object(Illuminate\Http\Request))
#5 C:\Users\juanp\Desktop\Apps\sm\vendor\laravel\framework\src\Illuminate\Auth\Middleware\Authorize.php(59): Illuminate\Pipeline\Pipeline->Illuminate\Pipeline\{closure}(Object(Illuminate\Http\Request))
#6 C:\Users\juanp\Desktop\Apps\sm\vendor\laravel\framework\src\Illuminate\Pipeline\Pipeline.php(219): Illuminate\Auth\Middleware\Authorize->handle(Object(Illuminate\Http\Request), Object(Closure), 'admin-only')
#7 C:\Users\juanp\Desktop\Apps\sm\vendor\laravel\framework\src\Illuminate\Auth\Middleware\EnsureEmailIsVerified.php(41): Illuminate\Pipeline\Pipeline->Illuminate\Pipeline\{closure}(Object(Illuminate\Http\Request))
#8 C:\Users\juanp\Desktop\Apps\sm\vendor\laravel\framework\src\Illuminate\Pipeline\Pipeline.php(219): Illuminate\Auth\Middleware\EnsureEmailIsVerified->handle(Object(Illuminate\Http\Request), Object(Closure))
#9 C:\Users\juanp\Desktop\Apps\sm\app\Http\Middleware\CheckUserStatus.php(29): Illuminate\Pipeline\Pipeline->Illuminate\Pipeline\{closure}(Object(Illuminate\Http\Request))
#10 C:\Users\juanp\Desktop\Apps\sm\vendor\laravel\framework\src\Illuminate\Pipeline\Pipeline.php(219): App\Http\Middleware\CheckUserStatus->handle(Object(Illuminate\Http\Request), Object(Closure))
#11 C:\Users\juanp\Desktop\Apps\sm\vendor\laravel\framework\src\Illuminate\Routing\Middleware\SubstituteBindings.php(50): Illuminate\Pipeline\Pipeline->Illuminate\Pipeline\{closure}(Object(Illuminate\Http\Request))
#12 C:\Users\juanp\Desktop\Apps\sm\vendor\laravel\framework\src\Illuminate\Pipeline\Pipeline.php(219): Illuminate\Routing\Middleware\SubstituteBindings->handle(Object(Illuminate\Http\Request), Object(Closure))
#13 C:\Users\juanp\Desktop\Apps\sm\vendor\laravel\framework\src\Illuminate\Auth\Middleware\Authenticate.php(63): Illuminate\Pipeline\Pipeline->Illuminate\Pipeline\{closure}(Object(Illuminate\Http\Request))
#14 C:\Users\juanp\Desktop\Apps\sm\vendor\laravel\framework\src\Illuminate\Pipeline\Pipeline.php(219): Illuminate\Auth\Middleware\Authenticate->handle(Object(Illuminate\Http\Request), Object(Closure))
#15 C:\Users\juanp\Desktop\Apps\sm\vendor\laravel\framework\src\Illuminate\Foundation\Http\Middleware\VerifyCsrfToken.php(87): Illuminate\Pipeline\Pipeline->Illuminate\Pipeline\{closure}(Object(Illuminate\Http\Request))
#16 C:\Users\juanp\Desktop\Apps\sm\vendor\laravel\framework\src\Illuminate\Pipeline\Pipeline.php(219): Illuminate\Foundation\Http\Middleware\VerifyCsrfToken->handle(Object(Illuminate\Http\Request), Object(Closure))
#17 C:\Users\juanp\Desktop\Apps\sm\vendor\laravel\framework\src\Illuminate\View\Middleware\ShareErrorsFromSession.php(48): Illuminate\Pipeline\Pipeline->Illuminate\Pipeline\{closure}(Object(Illuminate\Http\Request))
#18 C:\Users\juanp\Desktop\Apps\sm\vendor\laravel\framework\src\Illuminate\Pipeline\Pipeline.php(219): Illuminate\View\Middleware\ShareErrorsFromSession->handle(Object(Illuminate\Http\Request), Object(Closure))
#19 C:\Users\juanp\Desktop\Apps\sm\vendor\laravel\framework\src\Illuminate\Session\Middleware\StartSession.php(120): Illuminate\Pipeline\Pipeline->Illuminate\Pipeline\{closure}(Object(Illuminate\Http\Request))
#20 C:\Users\juanp\Desktop\Apps\sm\vendor\laravel\framework\src\Illuminate\Session\Middleware\StartSession.php(63): Illuminate\Session\Middleware\StartSession->handleStatefulRequest(Object(Illuminate\Http\Request), Object(Illuminate\Session\Store), Object(Closure))
#21 C:\Users\juanp\Desktop\Apps\sm\vendor\laravel\framework\src\Illuminate\Pipeline\Pipeline.php(219): Illuminate\Session\Middleware\StartSession->handle(Object(Illuminate\Http\Request), Object(Closure))
#22 C:\Users\juanp\Desktop\Apps\sm\vendor\laravel\framework\src\Illuminate\Cookie\Middleware\AddQueuedCookiesToResponse.php(36): Illuminate\Pipeline\Pipeline->Illuminate\Pipeline\{closure}(Object(Illuminate\Http\Request))
#23 C:\Users\juanp\Desktop\Apps\sm\vendor\laravel\framework\src\Illuminate\Pipeline\Pipeline.php(219): Illuminate\Cookie\Middleware\AddQueuedCookiesToResponse->handle(Object(Illuminate\Http\Request), Object(Closure))
#24 C:\Users\juanp\Desktop\Apps\sm\vendor\laravel\framework\src\Illuminate\Cookie\Middleware\EncryptCookies.php(74): Illuminate\Pipeline\Pipeline->Illuminate\Pipeline\{closure}(Object(Illuminate\Http\Request))
#25 C:\Users\juanp\Desktop\Apps\sm\vendor\laravel\framework\src\Illuminate\Pipeline\Pipeline.php(219): Illuminate\Cookie\Middleware\EncryptCookies->handle(Object(Illuminate\Http\Request), Object(Closure))
#26 C:\Users\juanp\Desktop\Apps\sm\vendor\laravel\framework\src\Illuminate\Pipeline\Pipeline.php(137): Illuminate\Pipeline\Pipeline->Illuminate\Pipeline\{closure}(Object(Illuminate\Http\Request))
#27 C:\Users\juanp\Desktop\Apps\sm\vendor\laravel\framework\src\Illuminate\Routing\Router.php(821): Illuminate\Pipeline\Pipeline->then(Object(Closure))
#28 C:\Users\juanp\Desktop\Apps\sm\vendor\laravel\framework\src\Illuminate\Routing\Router.php(800): Illuminate\Routing\Router->runRouteWithinStack(Object(Illuminate\Routing\Route), Object(Illuminate\Http\Request))
#29 C:\Users\juanp\Desktop\Apps\sm\vendor\laravel\framework\src\Illuminate\Routing\Router.php(764): Illuminate\Routing\Router->runRoute(Object(Illuminate\Http\Request), Object(Illuminate\Routing\Route))
#30 C:\Users\juanp\Desktop\Apps\sm\vendor\laravel\framework\src\Illuminate\Routing\Router.php(753): Illuminate\Routing\Router->dispatchToRoute(Object(Illuminate\Http\Request))
#31 C:\Users\juanp\Desktop\Apps\sm\vendor\laravel\framework\src\Illuminate\Foundation\Http\Kernel.php(200): Illuminate\Routing\Router->dispatch(Object(Illuminate\Http\Request))
#32 C:\Users\juanp\Desktop\Apps\sm\vendor\laravel\framework\src\Illuminate\Pipeline\Pipeline.php(180): Illuminate\Foundation\Http\Kernel->Illuminate\Foundation\Http\{closure}(Object(Illuminate\Http\Request))
#33 C:\Users\juanp\Desktop\Apps\sm\vendor\livewire\livewire\src\Features\SupportDisablingBackButtonCache\DisableBackButtonCacheMiddleware.php(19): Illuminate\Pipeline\Pipeline->Illuminate\Pipeline\{closure}(Object(Illuminate\Http\Request))
#34 C:\Users\juanp\Desktop\Apps\sm\vendor\laravel\framework\src\Illuminate\Pipeline\Pipeline.php(219): Livewire\Features\SupportDisablingBackButtonCache\DisableBackButtonCacheMiddleware->handle(Object(Illuminate\Http\Request), Object(Closure))
#35 C:\Users\juanp\Desktop\Apps\sm\vendor\laravel\framework\src\Illuminate\Foundation\Http\Middleware\TransformsRequest.php(21): Illuminate\Pipeline\Pipeline->Illuminate\Pipeline\{closure}(Object(Illuminate\Http\Request))
#36 C:\Users\juanp\Desktop\Apps\sm\vendor\laravel\framework\src\Illuminate\Foundation\Http\Middleware\ConvertEmptyStringsToNull.php(31): Illuminate\Foundation\Http\Middleware\TransformsRequest->handle(Object(Illuminate\Http\Request), Object(Closure))
#37 C:\Users\juanp\Desktop\Apps\sm\vendor\laravel\framework\src\Illuminate\Pipeline\Pipeline.php(219): Illuminate\Foundation\Http\Middleware\ConvertEmptyStringsToNull->handle(Object(Illuminate\Http\Request), Object(Closure))
#38 C:\Users\juanp\Desktop\Apps\sm\vendor\laravel\framework\src\Illuminate\Foundation\Http\Middleware\TransformsRequest.php(21): Illuminate\Pipeline\Pipeline->Illuminate\Pipeline\{closure}(Object(Illuminate\Http\Request))
#39 C:\Users\juanp\Desktop\Apps\sm\vendor\laravel\framework\src\Illuminate\Foundation\Http\Middleware\TrimStrings.php(51): Illuminate\Foundation\Http\Middleware\TransformsRequest->handle(Object(Illuminate\Http\Request), Object(Closure))
#40 C:\Users\juanp\Desktop\Apps\sm\vendor\laravel\framework\src\Illuminate\Pipeline\Pipeline.php(219): Illuminate\Foundation\Http\Middleware\TrimStrings->handle(Object(Illuminate\Http\Request), Object(Closure))
#41 C:\Users\juanp\Desktop\Apps\sm\vendor\laravel\framework\src\Illuminate\Http\Middleware\ValidatePostSize.php(27): Illuminate\Pipeline\Pipeline->Illuminate\Pipeline\{closure}(Object(Illuminate\Http\Request))
#42 C:\Users\juanp\Desktop\Apps\sm\vendor\laravel\framework\src\Illuminate\Pipeline\Pipeline.php(219): Illuminate\Http\Middleware\ValidatePostSize->handle(Object(Illuminate\Http\Request), Object(Closure))
#43 C:\Users\juanp\Desktop\Apps\sm\vendor\laravel\framework\src\Illuminate\Foundation\Http\Middleware\PreventRequestsDuringMaintenance.php(109): Illuminate\Pipeline\Pipeline->Illuminate\Pipeline\{closure}(Object(Illuminate\Http\Request))
#44 C:\Users\juanp\Desktop\Apps\sm\vendor\laravel\framework\src\Illuminate\Pipeline\Pipeline.php(219): Illuminate\Foundation\Http\Middleware\PreventRequestsDuringMaintenance->handle(Object(Illuminate\Http\Request), Object(Closure))
#45 C:\Users\juanp\Desktop\Apps\sm\vendor\laravel\framework\src\Illuminate\Http\Middleware\HandleCors.php(61): Illuminate\Pipeline\Pipeline->Illuminate\Pipeline\{closure}(Object(Illuminate\Http\Request))
#46 C:\Users\juanp\Desktop\Apps\sm\vendor\laravel\framework\src\Illuminate\Pipeline\Pipeline.php(219): Illuminate\Http\Middleware\HandleCors->handle(Object(Illuminate\Http\Request), Object(Closure))
#47 C:\Users\juanp\Desktop\Apps\sm\vendor\laravel\framework\src\Illuminate\Http\Middleware\TrustProxies.php(58): Illuminate\Pipeline\Pipeline->Illuminate\Pipeline\{closure}(Object(Illuminate\Http\Request))
#48 C:\Users\juanp\Desktop\Apps\sm\vendor\laravel\framework\src\Illuminate\Pipeline\Pipeline.php(219): Illuminate\Http\Middleware\TrustProxies->handle(Object(Illuminate\Http\Request), Object(Closure))
#49 C:\Users\juanp\Desktop\Apps\sm\vendor\laravel\framework\src\Illuminate\Foundation\Http\Middleware\InvokeDeferredCallbacks.php(22): Illuminate\Pipeline\Pipeline->Illuminate\Pipeline\{closure}(Object(Illuminate\Http\Request))
#50 C:\Users\juanp\Desktop\Apps\sm\vendor\laravel\framework\src\Illuminate\Pipeline\Pipeline.php(219): Illuminate\Foundation\Http\Middleware\InvokeDeferredCallbacks->handle(Object(Illuminate\Http\Request), Object(Closure))
#51 C:\Users\juanp\Desktop\Apps\sm\vendor\laravel\framework\src\Illuminate\Http\Middleware\ValidatePathEncoding.php(26): Illuminate\Pipeline\Pipeline->Illuminate\Pipeline\{closure}(Object(Illuminate\Http\Request))
#52 C:\Users\juanp\Desktop\Apps\sm\vendor\laravel\framework\src\Illuminate\Pipeline\Pipeline.php(219): Illuminate\Http\Middleware\ValidatePathEncoding->handle(Object(Illuminate\Http\Request), Object(Closure))
#53 C:\Users\juanp\Desktop\Apps\sm\vendor\laravel\framework\src\Illuminate\Pipeline\Pipeline.php(137): Illuminate\Pipeline\Pipeline->Illuminate\Pipeline\{closure}(Object(Illuminate\Http\Request))
#54 C:\Users\juanp\Desktop\Apps\sm\vendor\laravel\framework\src\Illuminate\Foundation\Http\Kernel.php(175): Illuminate\Pipeline\Pipeline->then(Object(Closure))
#55 C:\Users\juanp\Desktop\Apps\sm\vendor\laravel\framework\src\Illuminate\Foundation\Http\Kernel.php(144): Illuminate\Foundation\Http\Kernel->sendRequestThroughRouter(Object(Illuminate\Http\Request))
#56 C:\Users\juanp\Desktop\Apps\sm\vendor\laravel\framework\src\Illuminate\Foundation\Testing\Concerns\MakesHttpRequests.php(607): Illuminate\Foundation\Http\Kernel->handle(Object(Illuminate\Http\Request))
#57 C:\Users\juanp\Desktop\Apps\sm\vendor\laravel\framework\src\Illuminate\Foundation\Testing\Concerns\MakesHttpRequests.php(368): Illuminate\Foundation\Testing\TestCase->call('GET', 'http://localhos...', Array, Array, Array, Array)
#58 C:\Users\juanp\Desktop\Apps\sm\tests\Feature\excel\ExcelExportTest.php(40): Illuminate\Foundation\Testing\TestCase->get('http://localhos...')
#59 C:\Users\juanp\Desktop\Apps\sm\vendor\pestphp\pest\src\Factories\TestCaseMethodFactory.php(168): P\Tests\Feature\excel\ExcelExportTest->{closure}()
#60 [internal function]: P\Tests\Feature\excel\ExcelExportTest->Pest\Factories\{closure}()
#61 C:\Users\juanp\Desktop\Apps\sm\vendor\pestphp\pest\src\Concerns\Testable.php(419): call_user_func_array(Object(Closure), Array)
#62 C:\Users\juanp\Desktop\Apps\sm\vendor\pestphp\pest\src\Support\ExceptionTrace.php(26): P\Tests\Feature\excel\ExcelExportTest->Pest\Concerns\{closure}()
#63 C:\Users\juanp\Desktop\Apps\sm\vendor\pestphp\pest\src\Concerns\Testable.php(419): Pest\Support\ExceptionTrace::ensure(Object(Closure))
#64 C:\Users\juanp\Desktop\Apps\sm\vendor\pestphp\pest\src\Concerns\Testable.php(321): P\Tests\Feature\excel\ExcelExportTest->__callClosure(Object(Closure), Array)
#65 C:\Users\juanp\Desktop\Apps\sm\vendor\pestphp\pest\src\Factories\TestCaseFactory.php(169) : eval()'d code(44): P\Tests\Feature\excel\ExcelExportTest->__runTest(Object(Closure))
#66 C:\Users\juanp\Desktop\Apps\sm\vendor\phpunit\phpunit\src\Framework\TestCase.php(1667): P\Tests\Feature\excel\ExcelExportTest->__pest_evaluable_admins_can_download_students_export()
#67 C:\Users\juanp\Desktop\Apps\sm\vendor\phpunit\phpunit\src\Framework\TestCase.php(519): PHPUnit\Framework\TestCase->runTest()
#68 C:\Users\juanp\Desktop\Apps\sm\vendor\phpunit\phpunit\src\Framework\TestRunner\TestRunner.php(87): PHPUnit\Framework\TestCase->runBare()
#69 C:\Users\juanp\Desktop\Apps\sm\vendor\phpunit\phpunit\src\Framework\TestCase.php(365): PHPUnit\Framework\TestRunner->run(Object(P\Tests\Feature\excel\ExcelExportTest))
#70 C:\Users\juanp\Desktop\Apps\sm\vendor\phpunit\phpunit\src\Framework\TestSuite.php(369): PHPUnit\Framework\TestCase->run()
#71 C:\Users\juanp\Desktop\Apps\sm\vendor\phpunit\phpunit\src\TextUI\TestRunner.php(64): PHPUnit\Framework\TestSuite->run()
#72 C:\Users\juanp\Desktop\Apps\sm\vendor\phpunit\phpunit\src\TextUI\Application.php(211): PHPUnit\TextUI\TestRunner->run(Object(PHPUnit\TextUI\Configuration\Configuration), Object(PHPUnit\Runner\ResultCache\DefaultResultCache), Object(PHPUnit\Framework\TestSuite))
#73 C:\Users\juanp\Desktop\Apps\sm\vendor\pestphp\pest\src\Kernel.php(103): PHPUnit\TextUI\Application->run(Array)
#74 C:\Users\juanp\Desktop\Apps\sm\vendor\pestphp\pest\bin\pest(184): Pest\Kernel->handle(Array, Array)
#75 C:\Users\juanp\Desktop\Apps\sm\vendor\pestphp\pest\bin\pest(192): {closure}()
#76 {main}

----------------------------------------------------------------------------------

Call to undefined method App\Http\Controllers\ExportController::authorize()

  at tests\Feature\excel\ExcelExportTest.php:45
     41Ôûò         'cycle_id' => $cycle->id,
     42Ôûò         'group_id' => $group->id,
     43Ôûò     ]));
     44Ôûò 
  Ô×£  45Ôûò     $response->assertOk();
     46Ôûò     $response->assertHeader('content-type', 'application/vnd.openxmlformats-officedocument.spreadsheetml.sheet');
     47Ôûò });
     48Ôûò 
     49Ôûò test('non-admins cannot download exports', function () {


  Tests:    4 failed, 1 passed (7 assertions)
  Duration: 16.93s

